Circuit: * D:\Ideas\PPG lab\PPG lab.asc

WARNING: Node N026 is floating.
WARNING: Node N023 is floating.

WARNING: Less than two connections to node NC_01.  This node is used by R29.
Direct Newton iteration failed to find .op point.  (Use ".option noopiter" to skip.)
Starting Gmin stepping
Gmin = 10
vernier = 0.5
vernier = 0.25
Gmin = 2.91271
vernier = 0.125
vernier = 0.0625
vernier = 0.03125
vernier = 0.015625
vernier = 0.0078125
vernier = 0.00390625
vernier = 0.00195313
vernier = 0.000976563
Gmin = 2.74138
vernier = 0.000488281
Gmin = 0
Gmin stepping failed

Starting source stepping with srcstepmethod=0
Source Step = 3.0303%
Source Step = 9.84848%
Source Step = 16.0985%
vernier = 0.015625
Source Step = 16.0393%
Starting source stepping with srcstepmethod=1
Source Step = 3.0303%
Singular matrix:  Check node m3#drain
   Iteration No. 40
Source stepping failed

Pseudo transient terminated at 101.673 s, solution accepted ready or not!

Date: Tue Aug 25 13:46:54 2026
Total elapsed time: 4.567 seconds.

tnom = 27
temp = 27
method = modified trap
totiter = 18168
traniter = 11362
tranpoints = 4618
accept = 3067
rejected = 1557
matrix size = 725
fillins = 1212
solver = Normal
Thread vector: 21.1/11.2[12] 13.1/4.5[12] 3.4/2.5[4] 2.1/3.9[1]  2592/500
Matrix Compiler1: 84.77 KB object code size  21.5/10.3/[4.8]
Matrix Compiler2: 67.42 KB object code size  7.9/10.8/[2.4]

