\BOOKMARK [1][-]{section.1}{\376\377\000I\000n\000t\000r\000o\000d\000u\000c\000t\000i\000o\000n}{}% 1
\BOOKMARK [2][-]{subsection.1.1}{\376\377\000B\000a\000c\000k\000g\000r\000o\000u\000n\000d}{section.1}% 2
\BOOKMARK [2][-]{subsection.1.2}{\376\377\000I\000m\000p\000o\000r\000t\000a\000n\000c\000e\000\040\000o\000f\000\040\000P\000P\000G}{section.1}% 3
\BOOKMARK [2][-]{subsection.1.3}{\376\377\000O\000b\000j\000e\000c\000t\000i\000v\000e\000s}{section.1}% 4
\BOOKMARK [1][-]{section.2}{\376\377\000M\000a\000t\000e\000r\000i\000a\000l\000s\000\040\000a\000n\000d\000\040\000M\000e\000t\000h\000o\000d\000s}{}% 5
\BOOKMARK [2][-]{subsection.2.1}{\376\377\000E\000q\000u\000i\000p\000m\000e\000n\000t\000\040\000a\000n\000d\000\040\000C\000o\000m\000p\000o\000n\000e\000n\000t\000s}{section.2}% 6
\BOOKMARK [2][-]{subsection.2.2}{\376\377\000R\000e\000a\000s\000o\000n\000\040\000f\000o\000r\000\040\000U\000s\000i\000n\000g\000\040\000E\000a\000c\000h\000\040\000C\000o\000m\000p\000o\000n\000e\000n\000t}{section.2}% 7
\BOOKMARK [3][-]{subsubsection.2.2.1}{\376\377\000L\000E\000D\000\040\000\050\000N\000S\000C\000W\0001\0000\0000\000\051}{subsection.2.2}% 8
\BOOKMARK [3][-]{subsubsection.2.2.2}{\376\377\000M\000O\000S\000F\000E\000T\000\040\000\050\000B\000S\000S\0001\0002\0003\000\051}{subsection.2.2}% 9
\BOOKMARK [3][-]{subsubsection.2.2.3}{\376\377\000O\000p\000e\000r\000a\000t\000i\000o\000n\000a\000l\000\040\000A\000m\000p\000l\000i\000f\000i\000e\000r\000\040\000\050\000T\000S\0009\0001\0002\000\051}{subsection.2.2}% 10
\BOOKMARK [3][-]{subsubsection.2.2.4}{\376\377\000R\000e\000s\000i\000s\000t\000o\000r\000s}{subsection.2.2}% 11
\BOOKMARK [3][-]{subsubsection.2.2.5}{\376\377\000C\000a\000p\000a\000c\000i\000t\000o\000r\000s}{subsection.2.2}% 12
\BOOKMARK [2][-]{subsection.2.3}{\376\377\000S\000t\000a\000g\000e\000s\000\040\000o\000f\000\040\000t\000h\000e\000\040\000P\000P\000G\000\040\000C\000i\000r\000c\000u\000i\000t}{section.2}% 13
\BOOKMARK [2][-]{subsection.2.4}{\376\377\000S\000t\000e\000p\000-\000b\000y\000-\000S\000t\000e\000p\000\040\000D\000e\000v\000e\000l\000o\000p\000m\000e\000n\000t}{section.2}% 14
\BOOKMARK [1][-]{section.3}{\376\377\000C\000i\000r\000c\000u\000i\000t\000\040\000D\000i\000a\000g\000r\000a\000m\000s}{}% 15
\BOOKMARK [2][-]{subsection.3.1}{\376\377\000O\000v\000e\000r\000a\000l\000l\000\040\000C\000i\000r\000c\000u\000i\000t}{section.3}% 16
\BOOKMARK [2][-]{subsection.3.2}{\376\377\000E\000m\000i\000t\000t\000e\000r\000\040\000S\000t\000a\000g\000e}{section.3}% 17
\BOOKMARK [2][-]{subsection.3.3}{\376\377\000R\000e\000c\000e\000i\000v\000e\000r\000\040\000S\000t\000a\000g\000e\000\040\000\050\000T\000r\000a\000n\000s\000i\000m\000p\000e\000d\000a\000n\000c\000e\000\040\000A\000m\000p\000l\000i\000f\000i\000e\000r\000\040\000a\000n\000d\000\040\000N\000o\000n\000-\000I\000n\000v\000e\000r\000t\000i\000n\000g\000\040\000A\000m\000p\000l\000i\000f\000i\000e\000r\000\051}{section.3}% 18
\BOOKMARK [2][-]{subsection.3.4}{\376\377\000H\000i\000g\000h\000-\000P\000a\000s\000s\000\040\000F\000i\000l\000t\000e\000r}{section.3}% 19
\BOOKMARK [2][-]{subsection.3.5}{\376\377\000L\000o\000w\000-\000P\000a\000s\000s\000\040\000F\000i\000l\000t\000e\000r}{section.3}% 20
\BOOKMARK [2][-]{subsection.3.6}{\376\377\000P\000I\000\040\000C\000o\000n\000t\000r\000o\000l\000l\000e\000r}{section.3}% 21
\BOOKMARK [2][-]{subsection.3.7}{\376\377\000F\000i\000n\000a\000l\000\040\000C\000i\000r\000c\000u\000i\000t\000\040\000D\000i\000a\000g\000r\000a\000m}{section.3}% 22
\BOOKMARK [1][-]{section.4}{\376\377\000O\000b\000s\000e\000r\000v\000a\000t\000i\000o\000n\000s}{}% 23
\BOOKMARK [2][-]{subsection.4.1}{\376\377\000E\000m\000i\000t\000t\000e\000r\000\040\000S\000t\000a\000g\000e\000\040\000W\000a\000v\000e\000f\000o\000r\000m}{section.4}% 24
\BOOKMARK [2][-]{subsection.4.2}{\376\377\000T\000r\000a\000n\000s\000i\000m\000p\000e\000d\000a\000n\000c\000e\000\040\000A\000m\000p\000l\000i\000f\000i\000e\000r\000\040\000O\000u\000t\000p\000u\000t\000\040\000\050\000C\000u\000r\000r\000e\000n\000t\000\040\000A\000d\000d\000e\000r\000\051}{section.4}% 25
\BOOKMARK [2][-]{subsection.4.3}{\376\377\000N\000o\000n\000-\000I\000n\000v\000e\000r\000t\000i\000n\000g\000\040\000A\000m\000p\000l\000i\000f\000i\000e\000r\000\040\000O\000u\000t\000p\000u\000t}{section.4}% 26
\BOOKMARK [2][-]{subsection.4.4}{\376\377\000R\000e\000c\000e\000i\000v\000e\000r\000\040\000I\000n\000t\000e\000g\000r\000a\000t\000o\000r\000\040\000/\000\040\000F\000i\000l\000t\000e\000r\000\040\000O\000u\000t\000p\000u\000t}{section.4}% 27
\BOOKMARK [2][-]{subsection.4.5}{\376\377\000I\000n\000t\000e\000g\000r\000a\000t\000e\000d\000\040\000E\000m\000i\000t\000t\000e\000r\000\040\000w\000i\000t\000h\000\040\000S\000e\000n\000s\000o\000r\000\040\000O\000u\000t\000p\000u\000t}{section.4}% 28
\BOOKMARK [2][-]{subsection.4.6}{\376\377\000P\000P\000G\000\040\000S\000e\000n\000s\000o\000r\000\040\000w\000i\000t\000h\000\040\000P\000I\000\040\000C\000o\000n\000t\000r\000o\000l\000l\000e\000r\000\040\000O\000u\000t\000p\000u\000t}{section.4}% 29
\BOOKMARK [2][-]{subsection.4.7}{\376\377\000P\000I\000\040\000C\000o\000n\000t\000r\000o\000l\000l\000e\000r\000\040\000F\000e\000e\000d\000b\000a\000c\000k\000\040\000S\000i\000g\000n\000a\000l\000s}{section.4}% 30
\BOOKMARK [2][-]{subsection.4.8}{\376\377\000M\000e\000a\000s\000u\000r\000e\000d\000\040\000W\000a\000v\000e\000f\000o\000r\000m\000\040\000P\000a\000r\000a\000m\000e\000t\000e\000r\000s}{section.4}% 31
\BOOKMARK [1][-]{section.5}{\376\377\000A\000n\000a\000l\000y\000s\000i\000s}{}% 32
\BOOKMARK [2][-]{subsection.5.1}{\376\377\000A\000m\000p\000l\000i\000f\000i\000e\000r\000\040\000G\000a\000i\000n}{section.5}% 33
\BOOKMARK [3][-]{subsubsection.5.1.1}{\376\377\000S\000t\000a\000n\000d\000a\000l\000o\000n\000e\000\040\000R\000e\000c\000e\000i\000v\000e\000r\000\040\000N\000o\000n\000-\000I\000n\000v\000e\000r\000t\000i\000n\000g\000\040\000A\000m\000p\000l\000i\000f\000i\000e\000r\000\040\000\050\000U\0002\000\051}{subsection.5.1}% 34
\BOOKMARK [3][-]{subsubsection.5.1.2}{\376\377\000I\000n\000t\000e\000g\000r\000a\000t\000e\000d\000\040\000S\000e\000n\000s\000o\000r\000\040\000G\000a\000i\000n\000\040\000S\000t\000a\000g\000e\000\040\000\050\000R\0001\0003\000/\000R\0001\0002\000\051}{subsection.5.1}% 35
\BOOKMARK [3][-]{subsubsection.5.1.3}{\376\377\000P\000I\000\040\000C\000o\000n\000t\000r\000o\000l\000l\000e\000r\000\040\000O\000u\000t\000p\000u\000t\000\040\000A\000m\000p\000l\000i\000f\000i\000e\000r\000\040\000\050\000U\0001\0000\000\051}{subsection.5.1}% 36
\BOOKMARK [3][-]{subsubsection.5.1.4}{\376\377\000M\000e\000a\000s\000u\000r\000e\000d\000\040\000v\000s\000\040\000T\000h\000e\000o\000r\000e\000t\000i\000c\000a\000l\000\040\000G\000a\000i\000n}{subsection.5.1}% 37
\BOOKMARK [2][-]{subsection.5.2}{\376\377\000L\000o\000w\000e\000r\000\040\000C\000u\000t\000o\000f\000f\000\040\000F\000r\000e\000q\000u\000e\000n\000c\000y}{section.5}% 38
\BOOKMARK [2][-]{subsection.5.3}{\376\377\000U\000p\000p\000e\000r\000\040\000C\000u\000t\000o\000f\000f\000\040\000F\000r\000e\000q\000u\000e\000n\000c\000y}{section.5}% 39
\BOOKMARK [2][-]{subsection.5.4}{\376\377\000O\000v\000e\000r\000a\000l\000l\000\040\000B\000a\000n\000d\000w\000i\000d\000t\000h}{section.5}% 40
\BOOKMARK [2][-]{subsection.5.5}{\376\377\000N\000o\000i\000s\000e\000\040\000C\000a\000n\000c\000e\000l\000l\000a\000t\000i\000o\000n\000\040\000U\000s\000i\000n\000g\000\040\000F\000i\000l\000t\000e\000r\000i\000n\000g}{section.5}% 41
\BOOKMARK [2][-]{subsection.5.6}{\376\377\000B\000o\000d\000e\000\040\000P\000l\000o\000t\000\040\000A\000n\000a\000l\000y\000s\000i\000s}{section.5}% 42
\BOOKMARK [2][-]{subsection.5.7}{\376\377\000P\000I\000\040\000C\000o\000n\000t\000r\000o\000l\000l\000e\000r\000\040\000A\000n\000a\000l\000y\000s\000i\000s}{section.5}% 43
\BOOKMARK [1][-]{section.6}{\376\377\000D\000i\000s\000c\000u\000s\000s\000i\000o\000n}{}% 44
\BOOKMARK [2][-]{subsection.6.1}{\376\377\000D\000i\000s\000c\000u\000s\000s\000i\000o\000n\000\040\000o\000f\000\040\000R\000e\000s\000u\000l\000t\000s}{section.6}% 45
\BOOKMARK [2][-]{subsection.6.2}{\376\377\000C\000o\000m\000p\000a\000r\000i\000s\000o\000n\000\040\000o\000f\000\040\000T\000h\000e\000o\000r\000e\000t\000i\000c\000a\000l\000\040\000a\000n\000d\000\040\000S\000i\000m\000u\000l\000a\000t\000e\000d\000\040\000V\000a\000l\000u\000e\000s}{section.6}% 46
\BOOKMARK [2][-]{subsection.6.3}{\376\377\000P\000r\000a\000c\000t\000i\000c\000a\000l\000\040\000I\000m\000p\000l\000e\000m\000e\000n\000t\000a\000t\000i\000o\000n\000\040\000C\000o\000n\000s\000i\000d\000e\000r\000a\000t\000i\000o\000n\000s}{section.6}% 47
\BOOKMARK [3][-]{subsubsection.6.3.1}{\376\377\000C\000o\000m\000p\000o\000n\000e\000n\000t\000\040\000P\000l\000a\000c\000e\000m\000e\000n\000t}{subsection.6.3}% 48
\BOOKMARK [3][-]{subsubsection.6.3.2}{\376\377\000P\000o\000w\000e\000r\000\040\000S\000u\000p\000p\000l\000y\000\040\000N\000o\000i\000s\000e}{subsection.6.3}% 49
\BOOKMARK [3][-]{subsubsection.6.3.3}{\376\377\000G\000r\000o\000u\000n\000d\000i\000n\000g}{subsection.6.3}% 50
\BOOKMARK [3][-]{subsubsection.6.3.4}{\376\377\000A\000m\000b\000i\000e\000n\000t\000\040\000L\000i\000g\000h\000t}{subsection.6.3}% 51
\BOOKMARK [3][-]{subsubsection.6.3.5}{\376\377\000M\000o\000t\000i\000o\000n\000\040\000A\000r\000t\000e\000f\000a\000c\000t\000s}{subsection.6.3}% 52
\BOOKMARK [3][-]{subsubsection.6.3.6}{\376\377\000P\000C\000B\000\040\000L\000a\000y\000o\000u\000t}{subsection.6.3}% 53
\BOOKMARK [3][-]{subsubsection.6.3.7}{\376\377\000C\000o\000m\000p\000o\000n\000e\000n\000t\000\040\000T\000o\000l\000e\000r\000a\000n\000c\000e\000s}{subsection.6.3}% 54
\BOOKMARK [3][-]{subsubsection.6.3.8}{\376\377\000O\000p\000e\000r\000a\000t\000i\000o\000n\000a\000l\000\040\000A\000m\000p\000l\000i\000f\000i\000e\000r\000\040\000S\000e\000l\000e\000c\000t\000i\000o\000n}{subsection.6.3}% 55
\BOOKMARK [2][-]{subsection.6.4}{\376\377\000L\000i\000m\000i\000t\000a\000t\000i\000o\000n\000s}{section.6}% 56
\BOOKMARK [1][-]{section.7}{\376\377\000C\000o\000n\000c\000l\000u\000s\000i\000o\000n}{}% 57
